bme280.c:358:8:bme280_init	24	static
bme280.c:410:8:bme280_get_regs	40	static
bme280.c:443:8:bme280_set_regs	64	static
bme280.c:512:8:bme280_set_sensor_settings	24	static
bme280.c:555:8:bme280_get_sensor_settings	24	static
bme280.c:579:8:bme280_set_sensor_mode	24	static
bme280.c:611:8:bme280_get_sensor_mode	24	static
bme280.c:632:8:bme280_soft_reset	24	static
bme280.c:677:8:bme280_get_sensor_data	48	static
bme280.c:718:6:bme280_parse_sensor_data	32	static
bme280.c:748:8:bme280_compensate_data	184	static
bme280.c:799:15:set_osr_settings	32	static
bme280.c:820:15:set_osr_humidity_settings	24	static
bme280.c:852:15:set_osr_press_temp_settings	32	static
bme280.c:883:15:set_filter_standby_settings	32	static
bme280.c:914:13:fill_filter_settings	16	static
bme280.c:923:13:fill_standby_settings	16	static
bme280.c:932:13:fill_osr_press_settings	16	static
bme280.c:941:13:fill_osr_temp_settings	16	static
bme280.c:951:13:parse_device_settings	16	static
bme280.c:963:15:write_power_mode	24	static
bme280.c:989:15:put_device_to_sleep	32	static
bme280.c:1013:15:reload_device_settings	24	static
bme280.c:1032:15:compensate_temperature	64	static
bme280.c:1062:15:compensate_pressure	72	static
bme280.c:1109:15:compensate_humidity	96	static
bme280.c:1329:15:get_calib_data	48	static
bme280.c:1365:13:interleave_reg_addr	32	static
bme280.c:1380:13:parse_temp_press_calib_data	24	static
bme280.c:1403:13:parse_humidity_calib_data	32	static
bme280.c:1426:16:are_settings_changed	24	static
bme280.c:1448:15:null_ptr_check	24	static
